// Jest Snapshot v1, https://goo.gl/fbAQLP

exports[`should render 404 page 1`] = `
<div>
  404: Not Found
  <Link
    to="/"
  >
    Go Home
  </Link>
</div>
`;
